// Jest Snapshot v1, https://goo.gl/fbAQLP

exports[`Announcement renders with title 1`] = `
<div
  className="announcement"
>
  <h4>
    My Title
  </h4>
  My content
</div>
`;
